
ΓòÉΓòÉΓòÉ Scasi-AI ΓÇö AI Feature Test Suite ΓòÉΓòÉΓòÉ

Task              Status  Model / Details
ΓöÇΓöÇΓöÇΓöÇΓöÇΓöÇΓöÇΓöÇΓöÇΓöÇΓöÇΓöÇΓöÇΓöÇΓöÇΓöÇΓöÇΓöÇΓöÇΓöÇΓöÇΓöÇΓöÇΓöÇΓöÇΓöÇΓöÇΓöÇΓöÇΓöÇΓöÇΓöÇΓöÇΓöÇΓöÇΓöÇΓöÇΓöÇΓöÇΓöÇΓöÇΓöÇΓöÇΓöÇΓöÇΓöÇΓöÇΓöÇΓöÇΓöÇΓöÇΓöÇΓöÇΓöÇΓöÇΓöÇΓöÇΓöÇΓöÇΓöÇΓöÇΓöÇΓöÇΓöÇΓöÇΓöÇΓöÇΓöÇΓöÇΓöÇ
Γ£à route            PASS   llama-3.1-8b-instant
Γ£à reply            PASS   llama-3.3-70b-versatile
Γ£à classify         PASS   nvidia/nemotron-3-nano-30b-a3b:free
Γ¥î extract          FAIL   openai/gpt-oss-120b:free: 404 {"error":{"message":"No endpoints available matching your guardrail restrictions and data policy. Configure: https://openrouter.ai/settings/privacy","code":404}}
Γ¥î summarize        FAIL   google/gemma-3-27b-it:free: 429 {"error":{"message":"Provider returned error","code":429,"metadata":{"raw":"google/gemma-3-27b-it:free is temporarily rate-limited upstream. Please retry shortly, or add your own key to accumulate you
Γ¥î judge            FAIL   nousresearch/hermes-3-llama-3.1-405b:free: 402 {"error":{"message":"Provider returned error","code":402,"metadata":{"raw":"{\"error\":\"API key USD spend limit exceeded. Your account may still have USD balance, but this API key has reached its con
Γ£à hunter-fallback  PASS   openrouter/hunter-alpha
Γ£à embed            PASS   gemini-embedding-001 ΓÇö 2 embeddings, 768 dimensions
ΓöÇΓöÇΓöÇΓöÇΓöÇΓöÇΓöÇΓöÇΓöÇΓöÇΓöÇΓöÇΓöÇΓöÇΓöÇΓöÇΓöÇΓöÇΓöÇΓöÇΓöÇΓöÇΓöÇΓöÇΓöÇΓöÇΓöÇΓöÇΓöÇΓöÇΓöÇΓöÇΓöÇΓöÇΓöÇΓöÇΓöÇΓöÇΓöÇΓöÇΓöÇΓöÇΓöÇΓöÇΓöÇΓöÇΓöÇΓöÇΓöÇΓöÇΓöÇΓöÇΓöÇΓöÇΓöÇΓöÇΓöÇΓöÇΓöÇΓöÇΓöÇΓöÇΓöÇΓöÇΓöÇΓöÇΓöÇΓöÇΓöÇΓöÇ

Γ£à 5 passed  Γ¥î 3 failed  ΓÅ¡∩╕Å 0 skipped

Failed test details:
  extract: openai/gpt-oss-120b:free: 404 {"error":{"message":"No endpoints available matching your guardrail restrictions and data policy. Configure: https://openrouter.ai/settings/privacy","code":404}}
  summarize: google/gemma-3-27b-it:free: 429 {"error":{"message":"Provider returned error","code":429,"metadata":{"raw":"google/gemma-3-27b-it:free is temporarily rate-limited upstream. Please retry shortly, or add your own key to accumulate you
  judge: nousresearch/hermes-3-llama-3.1-405b:free: 402 {"error":{"message":"Provider returned error","code":402,"metadata":{"raw":"{\"error\":\"API key USD spend limit exceeded. Your account may still have USD balance, but this API key has reached its con

